{
 "version": "Mozilla/5.0 (X11; Linux x86_64) AppleWebKit/537.36 (KHTML, like Gecko) HeadlessChrome/141.0.0.0 Safari/537.36",
 "hasGpu": true,
 "info": {
  "vendor": "google",
  "architecture": "swiftshader",
  "device": "",
  "description": ""
 },
 "adapterFeatures": [
  "bgra8unorm-storage",
  "chromium-experimental-timestamp-query-inside-passes",
  "chromium-experimental-unorm16-texture-formats",
  "clip-distances",
  "core-features-and-limits",
  "depth-clip-control",
  "depth32float-stencil8",
  "float32-blendable",
  "float32-filterable",
  "indirect-first-instance",
  "rg11b10ufloat-renderable",
  "subgroups",
  "texture-component-swizzle",
  "texture-compression-astc",
  "texture-compression-astc-sliced-3d",
  "texture-compression-bc",
  "texture-compression-bc-sliced-3d",
  "texture-compression-etc2",
  "timestamp-query"
 ],
 "adapterHasShaderF16": false,
 "deviceFeaturesNoArgs": [
  "core-features-and-limits"
 ],
 "deviceHasShaderF16NoArgs": false
}
